// Jest Snapshot v1, https://goo.gl/fbAQLP

exports[`the style output of GridY 1`] = `
<XYGridElement
  direction="vertical"
  wrap={true}
/>
`;
